Microchip MPLAB XC8 Compiler V2.10 ()

Linker command line:

-W-3 --edf=C:\Program Files (x86)\Microchip\xc8\v2.10\pic\dat\en_msgs.txt \
  -cs -h+dist/default/production\i2c_pic16.X.production.sym \
  --cmf=dist/default/production\i2c_pic16.X.production.cmf -z -Q16F1937 \
  -oC:\Users\Julian\AppData\Local\Temp\scd8.2 --defsym=__MPLAB_BUILD=1 \
  -Mdist/default/production/i2c_pic16.X.production.map -E1 -ver=XC8 \
  --acfsm=1493 -ASTACK=02084h-021EFh -pstack=STACK -ACODE=00h-07FFhx4 \
  -ASTRCODE=00h-01FFFh -ASTRING=00h-0FFhx32 -ACONST=00h-0FFhx32 \
  -AENTRY=00h-0FFhx32 -ACOMMON=070h-07Fh -ABANK0=020h-06Fh \
  -ABANK1=0A0h-0EFh -ABANK2=0120h-016Fh -ABANK3=01A0h-01EFh \
  -ABANK4=0220h-026Fh -ABANK5=02A0h-02EFh -ABANK6=0320h-032Fh \
  -ABIGRAM=02000h-021EFh \
  -ARAM=020h-06Fh,0A0h-0EFh,0120h-016Fh,01A0h-01EFh,0220h-026Fh,02A0h-02EFh,0320h-032Fh \
  -AABS1=020h-07Fh,0A0h-0EFh,0120h-016Fh,01A0h-01EFh,0220h-026Fh,02A0h-02EFh,0320h-032Fh \
  -ASFR0=00h-01Fh -ASFR1=080h-09Fh -ASFR2=0100h-011Fh -ASFR3=0180h-019Fh \
  -ASFR4=0200h-021Fh -ASFR5=0280h-029Fh -ASFR6=0300h-031Fh \
  -ASFR7=0380h-03EFh -ASFR8=0400h-046Fh -ASFR9=0480h-04EFh \
  -ASFR10=0500h-056Fh -ASFR11=0580h-05EFh -ASFR12=0600h-066Fh \
  -ASFR13=0680h-06EFh -ASFR14=0700h-076Fh -ASFR15=0780h-07EFh \
  -ASFR16=0800h-086Fh -ASFR17=0880h-08EFh -ASFR18=0900h-096Fh \
  -ASFR19=0980h-09EFh -ASFR20=0A00h-0A6Fh -ASFR21=0A80h-0AEFh \
  -ASFR22=0B00h-0B6Fh -ASFR23=0B80h-0BEFh -ASFR24=0C00h-0C6Fh \
  -ASFR25=0C80h-0CEFh -ASFR26=0D00h-0D6Fh -ASFR27=0D80h-0DEFh \
  -ASFR28=0E00h-0E6Fh -ASFR29=0E80h-0EEFh -ASFR30=0F00h-0F6Fh \
  -ASFR31=0F80h-0FEFh -preset_vec=00h,intentry,init,end_init -ppowerup=CODE \
  -pcinit=CODE -pfunctab=ENTRY -ACONFIG=08007h-08008h -pconfig=CONFIG \
  -DCONFIG=2 -AIDLOC=08000h-08003h -pidloc=IDLOC -DIDLOC=2 \
  -AEEDATA=00h-0FFh/0F000h -peeprom_data=EEDATA -DEEDATA=2 -DCODE=2 \
  -DSTRCODE=2 -DSTRING=2 -DCONST=2 -DENTRY=2 -k \
  C:\Users\Julian\AppData\Local\Temp\scd8.o \
  dist/default/production\i2c_pic16.X.production.o 

Object code version is 3.11

Machine type is 16F1937



                Name                               Link     Load   Length Selector   Space Scale
C:\Users\Julian\AppData\Local\Temp\scd8.o
                end_init                              2        2        2        0       0
                reset_vec                             0        0        2        0       0
                config                             8007     8007        2    1000E       0
dist/default/production\i2c_pic16.X.production.o
                cinit                               7F5      7F5        B      FEA       0
                text34                              11C      11C        B      238       0
                text33                               CC       CC        6      198       0
                text32                               D2       D2        6      1A4       0
                text31                               D8       D8        6      1B0       0
                text30                              1F5      1F5       23      3EA       0
                text29                              102      102        7      204       0
                text28                              1D3      1D3       22      3A6       0
                text27                               C8       C8        4      190       0
                text26                              133      133        D      266       0
                text25                              167      167       19      2CE       0
                text24                              127      127        C      24E       0
                text23                               DE       DE        6      1BC       0
                text22                               E4       E4        6      1C8       0
                text21                              1B3      1B3       20      366       0
                text20                               EA       EA        6      1D4       0
                text19                               F0       F0        6      1E0       0
                text18                              109      109        9      212       0
                text17                              269      269       2B      4D2       0
                text16                              240      240       29      480       0
                text15                              152      152       15      2A4       0
                text14                              294      294       2D      528       0
                text13                              586      586      101      B0C       0
                text12                              49C      49C       EA      938       0
                text11                              199      199       1A      332       0
                text10                              112      112        A      224       0
                text9                                F6       F6        6      1EC       0
                text8                               329      329       3F      652       0
                text7                               218      218       28      430       0
                text6                               180      180       19      300       0
                text5                               368      368       59      6D0       0
                text4                               687      687      16E      D0E       0
                text3                               3C1      3C1       DB      782       0
                text2                               2C1      2C1       31      582       0
                text1                               140      140       12      280       0
                maintext                            2F2      2F2       37      5E4       0
                cstackBANK0                          20       20       50       20       1
                cstackCOMMON                         70       70        E       70       1
                clrtext                              FC       FC        6      1F8       0
                bssBANK1                             A0       A0       2E       A0       1
                stringtext1                         800      800       11     1000       0
                nvBANK1                              CE       CE        6       A0       1

TOTAL           Name                               Link     Load   Length     Space
        CLASS   STACK          

        CLASS   CODE           
                end_init                              2        2        2         0
                cinit                               7F5      7F5        B         0
                reset_vec                             0        0        2         0
                text34                              11C      11C        B         0
                text33                               CC       CC        6         0
                text32                               D2       D2        6         0
                text31                               D8       D8        6         0
                text30                              1F5      1F5       23         0
                text29                              102      102        7         0
                text28                              1D3      1D3       22         0
                text27                               C8       C8        4         0
                text26                              133      133        D         0
                text25                              167      167       19         0
                text24                              127      127        C         0
                text23                               DE       DE        6         0
                text22                               E4       E4        6         0
                text21                              1B3      1B3       20         0
                text20                               EA       EA        6         0
                text19                               F0       F0        6         0
                text18                              109      109        9         0
                text17                              269      269       2B         0
                text16                              240      240       29         0
                text15                              152      152       15         0
                text14                              294      294       2D         0
                text13                              586      586      101         0
                text12                              49C      49C       EA         0
                text11                              199      199       1A         0
                text10                              112      112        A         0
                text9                                F6       F6        6         0
                text8                               329      329       3F         0
                text7                               218      218       28         0
                text6                               180      180       19         0
                text5                               368      368       59         0
                text4                               687      687      16E         0
                text3                               3C1      3C1       DB         0
                text2                               2C1      2C1       31         0
                text1                               140      140       12         0
                maintext                            2F2      2F2       37         0
                clrtext                              FC       FC        6         0

        CLASS   STRCODE        
                stringtext1                         800      800       11         0

        CLASS   STRING         

        CLASS   CONST          

        CLASS   ENTRY          

        CLASS   COMMON         
                cstackCOMMON                         70       70        E         1

        CLASS   BANK0          
                cstackBANK0                          20       20       50         1

        CLASS   BANK1          
                bssBANK1                             A0       A0       2E         1
                nvBANK1                              CE       CE        6         1

        CLASS   BANK2          

        CLASS   BANK3          

        CLASS   BANK4          

        CLASS   BANK5          

        CLASS   BANK6          

        CLASS   BIGRAM         

        CLASS   RAM            

        CLASS   ABS1           
                abs_s1                               7E       7E        2         1

        CLASS   SFR0           

        CLASS   SFR1           

        CLASS   SFR2           

        CLASS   SFR3           

        CLASS   SFR4           

        CLASS   SFR5           

        CLASS   SFR6           

        CLASS   SFR7           

        CLASS   SFR8           

        CLASS   SFR9           

        CLASS   SFR10          

        CLASS   SFR11          

        CLASS   SFR12          

        CLASS   SFR13          

        CLASS   SFR14          

        CLASS   SFR15          

        CLASS   SFR16          

        CLASS   SFR17          

        CLASS   SFR18          

        CLASS   SFR19          

        CLASS   SFR20          

        CLASS   SFR21          

        CLASS   SFR22          

        CLASS   SFR23          

        CLASS   SFR24          

        CLASS   SFR25          

        CLASS   SFR26          

        CLASS   SFR27          

        CLASS   SFR28          

        CLASS   SFR29          

        CLASS   SFR30          

        CLASS   SFR31          

        CLASS   CONFIG         
                config                             8007     8007        2         0

        CLASS   IDLOC          

        CLASS   EEDATA         

        CLASS   BANK31         

        CLASS   BANK30         

        CLASS   BANK29         

        CLASS   BANK28         

        CLASS   BANK27         

        CLASS   BANK26         

        CLASS   BANK25         

        CLASS   BANK24         

        CLASS   BANK23         

        CLASS   BANK22         

        CLASS   BANK21         

        CLASS   BANK20         

        CLASS   BANK19         

        CLASS   BANK18         

        CLASS   BANK17         

        CLASS   BANK16         

        CLASS   BANK15         

        CLASS   BANK14         

        CLASS   BANK13         

        CLASS   BANK12         

        CLASS   BANK11         

        CLASS   BANK10         

        CLASS   BANK9          

        CLASS   BANK8          

        CLASS   BANK7          



SEGMENTS        Name                           Load    Length   Top    Selector   Space  Class     Delta

                reset_vec                      000000  000004  000004         0       0  CODE        2
                cstackBANK0                    000020  000050  000070        20       1  BANK0       1
                cstackCOMMON                   000070  00000E  00007E        70       1  COMMON      1
                bssBANK1                       0000A0  000034  0000D4        A0       1  BANK1       1
                text27                         0000C8  000004  0000CC       190       0  CODE        2
                text33                         0000CC  000006  0000D2       198       0  CODE        2
                text32                         0000D2  000006  0000D8       1A4       0  CODE        2
                text31                         0000D8  000006  0000DE       1B0       0  CODE        2
                text23                         0000DE  000006  0000E4       1BC       0  CODE        2
                text22                         0000E4  000006  0000EA       1C8       0  CODE        2
                text20                         0000EA  000006  0000F0       1D4       0  CODE        2
                text19                         0000F0  000006  0000F6       1E0       0  CODE        2
                text9                          0000F6  000006  0000FC       1EC       0  CODE        2
                clrtext                        0000FC  000006  000102       1F8       0  CODE        2
                text29                         000102  000007  000109       204       0  CODE        2
                text18                         000109  000009  000112       212       0  CODE        2
                text10                         000112  00000A  00011C       224       0  CODE        2
                text34                         00011C  00000B  000127       238       0  CODE        2
                text24                         000127  00000C  000133       24E       0  CODE        2
                text26                         000133  00000D  000140       266       0  CODE        2
                text1                          000140  000012  000152       280       0  CODE        2
                text15                         000152  000015  000167       2A4       0  CODE        2
                text25                         000167  000019  000180       2CE       0  CODE        2
                text6                          000180  000019  000199       300       0  CODE        2
                text11                         000199  00001A  0001B3       332       0  CODE        2
                text21                         0001B3  000020  0001D3       366       0  CODE        2
                text28                         0001D3  000022  0001F5       3A6       0  CODE        2
                text30                         0001F5  000023  000218       3EA       0  CODE        2
                text7                          000218  000028  000240       430       0  CODE        2
                text16                         000240  000029  000269       480       0  CODE        2
                text17                         000269  00002B  000294       4D2       0  CODE        2
                text14                         000294  00002D  0002C1       528       0  CODE        2
                text2                          0002C1  000031  0002F2       582       0  CODE        2
                maintext                       0002F2  000037  000329       5E4       0  CODE        2
                text8                          000329  00003F  000368       652       0  CODE        2
                text5                          000368  000059  0003C1       6D0       0  CODE        2
                text3                          0003C1  0000DB  00049C       782       0  CODE        2
                text12                         00049C  0000EA  000586       938       0  CODE        2
                text13                         000586  000101  000687       B0C       0  CODE        2
                text4                          000687  00016E  0007F5       D0E       0  CODE        2
                cinit                          0007F5  00000B  000800       FEA       0  CODE        2
                stringtext1                    000800  000011  000811      1000       0  STRCODE     2
                config                         008007  000002  008009     1000E       0  CONFIG      2


UNUSED ADDRESS RANGES

        Name                Unused          Largest block    Delta
        BANK1            000D4-000EF              1C           1
        BANK2            00120-0016F              50           1
        BANK3            001A0-001EF              50           1
        BANK4            00220-0026F              50           1
        BANK5            002A0-002EF              50           1
        BANK6            00320-0032F              10           1
        BIGRAM           02000-021EF             1F0           1
        CODE             00004-000C7              C4           2
                         00811-01FFF             800
        CONST            00004-000C7              C4           2
                         00811-01FFF             100
        EEDATA           0F000-0F0FF             100           2
        ENTRY            00004-000C7              C4           2
                         00811-01FFF             100
        IDLOC            08000-08003               4           2
        RAM              000D4-000EF              1C           1
                         00120-0016F              50
                         001A0-001EF              50
                         00220-0026F              50
                         002A0-002EF              50
                         00320-0032F              10
        SFR0             00000-0001F              20           1
        SFR1             00080-0009F              20           1
        SFR10            00500-0056F              70           1
        SFR11            00580-005EF              70           1
        SFR12            00600-0066F              70           1
        SFR13            00680-006EF              70           1
        SFR14            00700-0076F              70           1
        SFR15            00780-007EF              70           1
        SFR16            00800-0086F              70           1
        SFR17            00880-008EF              70           1
        SFR18            00900-0096F              70           1
        SFR19            00980-009EF              70           1
        SFR2             00100-0011F              20           1
        SFR20            00A00-00A6F              70           1
        SFR21            00A80-00AEF              70           1
        SFR22            00B00-00B6F              70           1
        SFR23            00B80-00BEF              70           1
        SFR24            00C00-00C6F              70           1
        SFR25            00C80-00CEF              70           1
        SFR26            00D00-00D6F              70           1
        SFR27            00D80-00DEF              70           1
        SFR28            00E00-00E6F              70           1
        SFR29            00E80-00EEF              70           1
        SFR3             00180-0019F              20           1
        SFR30            00F00-00F6F              70           1
        SFR31            00F80-00FEF              70           1
        SFR4             00200-0021F              20           1
        SFR5             00280-0029F              20           1
        SFR6             00300-0031F              20           1
        SFR7             00380-003EF              70           1
        SFR8             00400-0046F              70           1
        SFR9             00480-004EF              70           1
        STACK            02084-021EF             16C           1
        STRCODE          00004-000C7              C4           2
                         00811-01FFF            17EF
        STRING           00004-000C7              C4           2
                         00811-01FFF             100

                                  Symbol Table

?___aodiv                                      cstackBANK0  00020
?___aomod                                      cstackBANK0  00020
?_abs                                          cstackCOMMON 00073
?_dtoa                                         cstackBANK0  00030
?_pad                                          cstackBANK0  00024
?_printf                                       cstackBANK0  00066
?_strlen                                       cstackCOMMON 00070
?_vfpfcnvrt                                    cstackBANK0  0004E
?_vfprintf                                     cstackBANK0  0005E
EUSART_SetErrorHandler@interruptHandler        cstackCOMMON 00070
EUSART_SetFramingErrorHandler@interruptHandler cstackCOMMON 00070
EUSART_SetOverrunErrorHandler@interruptHandler cstackCOMMON 00070
EUSART_Write@txData                            cstackCOMMON 00070
I2C_Read@ack                                   cstackCOMMON 00070
I2C_Read@tempbuf                               cstackCOMMON 00074
I2C_Write@data                                 cstackCOMMON 00070
TC74_Initialize@AddrSlave                      cstackCOMMON 00070
TC74_Initialize@Obj                            cstackCOMMON 00076
TC74_Initialize@read_fcn                       cstackCOMMON 00073
TC74_Initialize@write_fcn                      cstackCOMMON 00071
TC74_Read@Obj                                  cstackBANK0  00024
TC74_Read@TC74_Register                        cstackCOMMON 0007B
TC74_Read@amount                               cstackCOMMON 0007C
TC74_Read@buffer                               cstackBANK0  00022
TC74_Ready@Obj                                 cstackBANK0  00025
TC74_Ready@Ready                               cstackBANK0  00026
TC74_Temperature@Digital_Temperature           cstackBANK0  0002A
TC74_Temperature@Obj                           cstackBANK0  00029
TC74_Temperature@Temperature                   cstackBANK0  00028
Wrappers_I2CMaster_Read@Address7b              cstackCOMMON 00076
Wrappers_I2CMaster_Read@DatatoSend             cstackCOMMON 0007A
Wrappers_I2CMaster_Read@Register               cstackCOMMON 00077
Wrappers_I2CMaster_Read@amount                 cstackCOMMON 00078
_ACKDT                                         (abs)        010B5
_ANSELA                                        (abs)        0018C
_ANSELB                                        (abs)        0018D
_ANSELD                                        (abs)        0018F
_ANSELE                                        (abs)        00190
_APFCON                                        (abs)        0011D
_BAUDCON                                       (abs)        0019F
_BORCON                                        (abs)        00116
_EUSART_DefaultErrorHandler                    (abs)        00000
_EUSART_DefaultFramingErrorHandler             (abs)        00000
_EUSART_DefaultOverrunErrorHandler             (abs)        00000
_EUSART_ErrorHandler                           nvBANK1      000CE
_EUSART_FramingErrorHandler                    nvBANK1      000D2
_EUSART_Initialize                             text30       001F5
_EUSART_OverrunErrorHandler                    nvBANK1      000D0
_EUSART_SetErrorHandler                        text33       000CC
_EUSART_SetFramingErrorHandler                 text32       000D2
_EUSART_SetOverrunErrorHandler                 text31       000D8
_EUSART_Write                                  text10       00112
_I2C_Initialize                                text34       0011C
_I2C_RStart                                    text23       000DE
_I2C_Read                                      text21       001B3
_I2C_Send_ACK                                  text22       000E4
_I2C_Start                                     text20       000EA
_I2C_Stop                                      text19       000F0
_I2C_Wait1                                     text24       00127
_I2C_Write                                     text18       00109
_LATA                                          (abs)        0010C
_LATB                                          (abs)        0010D
_LATC                                          (abs)        0010E
_LATD                                          (abs)        0010F
_LATE                                          (abs)        00110
_OPTION_REGbits                                (abs)        00095
_OSCCON                                        (abs)        00099
_OSCILLATOR_Initialize                         text29       00102
_OSCTUNE                                       (abs)        00098
_PIN_MANAGER_Initialize                        text28       001D3
_PIR1bits                                      (abs)        00011
_RCREG                                         (abs)        00199
_RCSTA                                         (abs)        0019D
_RCSTAbits                                     (abs)        0019D
_SPBRGH                                        (abs)        0019C
_SPBRGL                                        (abs)        0019B
_SSPADD                                        (abs)        00212
_SSPBUF                                        (abs)        00211
_SSPCON1                                       (abs)        00215
_SSPCON2                                       (abs)        00216
_SSPCON2bits                                   (abs)        00216
_SSPSTAT                                       (abs)        00214
_SYSTEM_Initialize                             text26       00133
_TC74Data                                      bssBANK1     000C9
_TC74_Initialize                               text25       00167
_TC74_Read                                     text16       00240
_TC74_Ready                                    text15       00152
_TC74_Temperature                              text14       00294
_TRISA                                         (abs)        0008C
_TRISB                                         (abs)        0008D
_TRISC                                         (abs)        0008E
_TRISC3                                        (abs)        00473
_TRISC4                                        (abs)        00474
_TRISD                                         (abs)        0008F
_TRISE                                         (abs)        00090
_TXREG                                         (abs)        0019A
_TXSTA                                         (abs)        0019E
_TXSTAbits                                     (abs)        0019E
_WDTCON                                        (abs)        00097
_WDT_Initialize                                text27       000C8
_WPUB                                          (abs)        0020D
_WPUE                                          (abs)        00210
_Wrappers_I2CMaster_Read                       text17       00269
_Wrappers_I2CMaster_Write                      (abs)        00000
__CFG_BOREN$ON                                 (abs)        00000
__CFG_BORV$LO                                  (abs)        00000
__CFG_CLKOUTEN$OFF                             (abs)        00000
__CFG_CP$OFF                                   (abs)        00000
__CFG_CPD$OFF                                  (abs)        00000
__CFG_FCMEN$ON                                 (abs)        00000
__CFG_FOSC$INTOSC                              (abs)        00000
__CFG_IESO$ON                                  (abs)        00000
__CFG_LVP$ON                                   (abs)        00000
__CFG_MCLRE$ON                                 (abs)        00000
__CFG_PLLEN$OFF                                (abs)        00000
__CFG_PWRTE$OFF                                (abs)        00000
__CFG_STVREN$ON                                (abs)        00000
__CFG_VCAPEN$OFF                               (abs)        00000
__CFG_WDTE$OFF                                 (abs)        00000
__CFG_WRT$OFF                                  (abs)        00000
__Habs1                                        abs1         00000
__Hbank0                                       bank0        00000
__Hbank1                                       bank1        00000
__Hbank10                                      bank10       00000
__Hbank11                                      bank11       00000
__Hbank12                                      bank12       00000
__Hbank13                                      bank13       00000
__Hbank14                                      bank14       00000
__Hbank15                                      bank15       00000
__Hbank16                                      bank16       00000
__Hbank17                                      bank17       00000
__Hbank18                                      bank18       00000
__Hbank19                                      bank19       00000
__Hbank2                                       bank2        00000
__Hbank20                                      bank20       00000
__Hbank21                                      bank21       00000
__Hbank22                                      bank22       00000
__Hbank23                                      bank23       00000
__Hbank24                                      bank24       00000
__Hbank25                                      bank25       00000
__Hbank26                                      bank26       00000
__Hbank27                                      bank27       00000
__Hbank28                                      bank28       00000
__Hbank29                                      bank29       00000
__Hbank3                                       bank3        00000
__Hbank30                                      bank30       00000
__Hbank31                                      bank31       00000
__Hbank4                                       bank4        00000
__Hbank5                                       bank5        00000
__Hbank6                                       bank6        00000
__Hbank7                                       bank7        00000
__Hbank8                                       bank8        00000
__Hbank9                                       bank9        00000
__Hbigram                                      bigram       00000
__HbssBANK1                                    bssBANK1     00000
__Hcinit                                       cinit        00800
__Hclrtext                                     clrtext      00000
__Hcode                                        code         00000
__Hcommon                                      common       00000
__Hconfig                                      config       08009
__HcstackBANK0                                 cstackBANK0  00000
__HcstackCOMMON                                cstackCOMMON 00000
__Heeprom_data                                 eeprom_data  00000
__Hend_init                                    end_init     00004
__Hfunctab                                     functab      00000
__Hidloc                                       idloc        00000
__Hinit                                        init         00002
__Hintentry                                    intentry     00002
__Hmaintext                                    maintext     00000
__HnvBANK1                                     nvBANK1      00000
__Hpowerup                                     powerup      00000
__Hram                                         ram          00000
__Hreset_vec                                   reset_vec    00002
__Hsfr0                                        sfr0         00000
__Hsfr1                                        sfr1         00000
__Hsfr10                                       sfr10        00000
__Hsfr11                                       sfr11        00000
__Hsfr12                                       sfr12        00000
__Hsfr13                                       sfr13        00000
__Hsfr14                                       sfr14        00000
__Hsfr15                                       sfr15        00000
__Hsfr16                                       sfr16        00000
__Hsfr17                                       sfr17        00000
__Hsfr18                                       sfr18        00000
__Hsfr19                                       sfr19        00000
__Hsfr2                                        sfr2         00000
__Hsfr20                                       sfr20        00000
__Hsfr21                                       sfr21        00000
__Hsfr22                                       sfr22        00000
__Hsfr23                                       sfr23        00000
__Hsfr24                                       sfr24        00000
__Hsfr25                                       sfr25        00000
__Hsfr26                                       sfr26        00000
__Hsfr27                                       sfr27        00000
__Hsfr28                                       sfr28        00000
__Hsfr29                                       sfr29        00000
__Hsfr3                                        sfr3         00000
__Hsfr30                                       sfr30        00000
__Hsfr31                                       sfr31        00000
__Hsfr4                                        sfr4         00000
__Hsfr5                                        sfr5         00000
__Hsfr6                                        sfr6         00000
__Hsfr7                                        sfr7         00000
__Hsfr8                                        sfr8         00000
__Hsfr9                                        sfr9         00000
__Hspace_0                                     (abs)        08009
__Hspace_1                                     (abs)        000D4
__Hspace_2                                     (abs)        00000
__Hspace_3                                     (abs)        00000
__Hstack                                       stack        00000
__Hstrings                                     strings      00000
__Hstringtext1                                 stringtext1  00000
__Hstringtext2                                 stringtext2  00000
__Htext                                        text         00000
__Labs1                                        abs1         00000
__Lbank0                                       bank0        00000
__Lbank1                                       bank1        00000
__Lbank10                                      bank10       00000
__Lbank11                                      bank11       00000
__Lbank12                                      bank12       00000
__Lbank13                                      bank13       00000
__Lbank14                                      bank14       00000
__Lbank15                                      bank15       00000
__Lbank16                                      bank16       00000
__Lbank17                                      bank17       00000
__Lbank18                                      bank18       00000
__Lbank19                                      bank19       00000
__Lbank2                                       bank2        00000
__Lbank20                                      bank20       00000
__Lbank21                                      bank21       00000
__Lbank22                                      bank22       00000
__Lbank23                                      bank23       00000
__Lbank24                                      bank24       00000
__Lbank25                                      bank25       00000
__Lbank26                                      bank26       00000
__Lbank27                                      bank27       00000
__Lbank28                                      bank28       00000
__Lbank29                                      bank29       00000
__Lbank3                                       bank3        00000
__Lbank30                                      bank30       00000
__Lbank31                                      bank31       00000
__Lbank4                                       bank4        00000
__Lbank5                                       bank5        00000
__Lbank6                                       bank6        00000
__Lbank7                                       bank7        00000
__Lbank8                                       bank8        00000
__Lbank9                                       bank9        00000
__Lbigram                                      bigram       00000
__LbssBANK1                                    bssBANK1     00000
__Lcinit                                       cinit        007F5
__Lclrtext                                     clrtext      00000
__Lcode                                        code         00000
__Lcommon                                      common       00000
__Lconfig                                      config       08007
__LcstackBANK0                                 cstackBANK0  00000
__LcstackCOMMON                                cstackCOMMON 00000
__Leeprom_data                                 eeprom_data  00000
__Lend_init                                    end_init     00002
__Lfunctab                                     functab      00000
__Lidloc                                       idloc        00000
__Linit                                        init         00002
__Lintentry                                    intentry     00002
__Lmaintext                                    maintext     00000
__LnvBANK1                                     nvBANK1      00000
__Lpowerup                                     powerup      00000
__Lram                                         ram          00000
__Lreset_vec                                   reset_vec    00000
__Lsfr0                                        sfr0         00000
__Lsfr1                                        sfr1         00000
__Lsfr10                                       sfr10        00000
__Lsfr11                                       sfr11        00000
__Lsfr12                                       sfr12        00000
__Lsfr13                                       sfr13        00000
__Lsfr14                                       sfr14        00000
__Lsfr15                                       sfr15        00000
__Lsfr16                                       sfr16        00000
__Lsfr17                                       sfr17        00000
__Lsfr18                                       sfr18        00000
__Lsfr19                                       sfr19        00000
__Lsfr2                                        sfr2         00000
__Lsfr20                                       sfr20        00000
__Lsfr21                                       sfr21        00000
__Lsfr22                                       sfr22        00000
__Lsfr23                                       sfr23        00000
__Lsfr24                                       sfr24        00000
__Lsfr25                                       sfr25        00000
__Lsfr26                                       sfr26        00000
__Lsfr27                                       sfr27        00000
__Lsfr28                                       sfr28        00000
__Lsfr29                                       sfr29        00000
__Lsfr3                                        sfr3         00000
__Lsfr30                                       sfr30        00000
__Lsfr31                                       sfr31        00000
__Lsfr4                                        sfr4         00000
__Lsfr5                                        sfr5         00000
__Lsfr6                                        sfr6         00000
__Lsfr7                                        sfr7         00000
__Lsfr8                                        sfr8         00000
__Lsfr9                                        sfr9         00000
__Lspace_0                                     (abs)        00000
__Lspace_1                                     (abs)        00000
__Lspace_2                                     (abs)        00000
__Lspace_3                                     (abs)        00000
__Lstack                                       stack        00000
__Lstrings                                     strings      00000
__Lstringtext1                                 stringtext1  00000
__Lstringtext2                                 stringtext2  00000
__Ltext                                        text         00000
__S0                                           (abs)        08009
__S1                                           (abs)        000D4
__S2                                           (abs)        00000
__S3                                           (abs)        00000
___aodiv                                       text13       00586
___aodiv@counter                               cstackCOMMON 00071
___aodiv@dividend                              cstackBANK0  00028
___aodiv@divisor                               cstackBANK0  00020
___aodiv@quotient                              cstackCOMMON 00073
___aodiv@sign                                  cstackCOMMON 00072
___aomod                                       text12       0049C
___aomod@counter                               cstackCOMMON 00071
___aomod@dividend                              cstackBANK0  00028
___aomod@divisor                               cstackBANK0  00020
___aomod@sign                                  cstackCOMMON 00072
___int_sp                                      stack        00000
___latbits                                     (abs)        00002
___sp                                          stack        00000
___stackhi                                     (abs)        021EF
___stacklo                                     (abs)        02084
__end_of_EUSART_Initialize                     text30       00218
__end_of_EUSART_SetErrorHandler                text33       000D2
__end_of_EUSART_SetFramingErrorHandler         text32       000D8
__end_of_EUSART_SetOverrunErrorHandler         text31       000DE
__end_of_EUSART_Write                          text10       0011C
__end_of_I2C_Initialize                        text34       00127
__end_of_I2C_RStart                            text23       000E4
__end_of_I2C_Read                              text21       001D3
__end_of_I2C_Send_ACK                          text22       000EA
__end_of_I2C_Start                             text20       000F0
__end_of_I2C_Stop                              text19       000F6
__end_of_I2C_Wait1                             text24       00133
__end_of_I2C_Write                             text18       00112
__end_of_OSCILLATOR_Initialize                 text29       00109
__end_of_PIN_MANAGER_Initialize                text28       001F5
__end_of_SYSTEM_Initialize                     text26       00140
__end_of_TC74_Initialize                       text25       00180
__end_of_TC74_Read                             text16       00269
__end_of_TC74_Ready                            text15       00167
__end_of_TC74_Temperature                      text14       002C1
__end_of_WDT_Initialize                        text27       000CC
__end_of_Wrappers_I2CMaster_Read               text17       00294
__end_of___aodiv                               text13       00687
__end_of___aomod                               text12       00586
__end_of__initialization                       cinit        007FD
__end_of_abs                                   text11       001B3
__end_of_dtoa                                  text4        007F5
__end_of_fputc                                 text8        00368
__end_of_fputs                                 text7        00240
__end_of_main                                  maintext     00329
__end_of_pad                                   text5        003C1
__end_of_printf                                text1        00152
__end_of_putch                                 text9        000FC
__end_of_strlen                                text6        00199
__end_of_vfpfcnvrt                             text3        0049C
__end_of_vfprintf                              text2        002F2
__initialization                               cinit        007F5
__pbssBANK1                                    bssBANK1     000A0
__pcstackBANK0                                 cstackBANK0  00020
__pcstackCOMMON                                cstackCOMMON 00070
__pmaintext                                    maintext     002F2
__pnvBANK1                                     nvBANK1      000CE
__pstringtext1                                 stringtext1  00800
__pstringtext2                                 stringtext2  00000
__ptext1                                       text1        00140
__ptext10                                      text10       00112
__ptext11                                      text11       00199
__ptext12                                      text12       0049C
__ptext13                                      text13       00586
__ptext14                                      text14       00294
__ptext15                                      text15       00152
__ptext16                                      text16       00240
__ptext17                                      text17       00269
__ptext18                                      text18       00109
__ptext19                                      text19       000F0
__ptext2                                       text2        002C1
__ptext20                                      text20       000EA
__ptext21                                      text21       001B3
__ptext22                                      text22       000E4
__ptext23                                      text23       000DE
__ptext24                                      text24       00127
__ptext25                                      text25       00167
__ptext26                                      text26       00133
__ptext27                                      text27       000C8
__ptext28                                      text28       001D3
__ptext29                                      text29       00102
__ptext3                                       text3        003C1
__ptext30                                      text30       001F5
__ptext31                                      text31       000D8
__ptext32                                      text32       000D2
__ptext33                                      text33       000CC
__ptext34                                      text34       0011C
__ptext4                                       text4        00687
__ptext5                                       text5        00368
__ptext6                                       text6        00180
__ptext7                                       text7        00218
__ptext8                                       text8        00329
__ptext9                                       text9        000F6
__size_of_EUSART_Initialize                    (abs)        00000
__size_of_EUSART_SetErrorHandler               (abs)        00000
__size_of_EUSART_SetFramingErrorHandler        (abs)        00000
__size_of_EUSART_SetOverrunErrorHandler        (abs)        00000
__size_of_EUSART_Write                         (abs)        00000
__size_of_I2C_Initialize                       (abs)        00000
__size_of_I2C_RStart                           (abs)        00000
__size_of_I2C_Read                             (abs)        00000
__size_of_I2C_Send_ACK                         (abs)        00000
__size_of_I2C_Start                            (abs)        00000
__size_of_I2C_Stop                             (abs)        00000
__size_of_I2C_Wait1                            (abs)        00000
__size_of_I2C_Write                            (abs)        00000
__size_of_OSCILLATOR_Initialize                (abs)        00000
__size_of_PIN_MANAGER_Initialize               (abs)        00000
__size_of_SYSTEM_Initialize                    (abs)        00000
__size_of_TC74_Initialize                      (abs)        00000
__size_of_TC74_Read                            (abs)        00000
__size_of_TC74_Ready                           (abs)        00000
__size_of_TC74_Temperature                     (abs)        00000
__size_of_WDT_Initialize                       (abs)        00000
__size_of_Wrappers_I2CMaster_Read              (abs)        00000
__size_of___aodiv                              (abs)        00000
__size_of___aomod                              (abs)        00000
__size_of_abs                                  (abs)        00000
__size_of_dtoa                                 (abs)        00000
__size_of_fputc                                (abs)        00000
__size_of_fputs                                (abs)        00000
__size_of_main                                 (abs)        00000
__size_of_pad                                  (abs)        00000
__size_of_printf                               (abs)        00000
__size_of_putch                                (abs)        00000
__size_of_strlen                               (abs)        00000
__size_of_vfpfcnvrt                            (abs)        00000
__size_of_vfprintf                             (abs)        00000
_abs                                           text11       00199
_dbuf                                          bssBANK1     000A9
_dtoa                                          text4        00687
_dtoa$760                                      cstackBANK0  0003B
_eusartRxLastError                             bssBANK1     000A8
_flags                                         bssBANK1     000A6
_fputc                                         text8        00329
_fputs                                         text7        00218
_main                                          maintext     002F2
_nout                                          bssBANK1     000A0
_pad                                           text5        00368
_prec                                          bssBANK1     000A4
_printf                                        text1        00140
_putch                                         text9        000F6
_strlen                                        text6        00180
_vfpfcnvrt                                     text3        003C1
_vfprintf                                      text2        002C1
_width                                         bssBANK1     000A2
abs@a                                          cstackCOMMON 00073
btemp                                          (abs)        0007E
clear_ram0                                     clrtext      000FC
dtoa@d                                         cstackBANK0  00030
dtoa@fp                                        cstackBANK0  0003F
dtoa@i                                         cstackBANK0  0004C
dtoa@n                                         cstackBANK0  00044
dtoa@p                                         cstackBANK0  0003D
dtoa@s                                         cstackBANK0  00042
dtoa@w                                         cstackBANK0  00040
end_of_initialization                          cinit        007FD
fputc@c                                        cstackCOMMON 00072
fputc@fp                                       cstackCOMMON 00074
fputs@c                                        cstackBANK0  00020
fputs@fp                                       cstackCOMMON 0007A
fputs@i                                        cstackBANK0  00021
fputs@s                                        cstackBANK0  00023
intlevel0                                      functab      00000
intlevel1                                      functab      00000
intlevel2                                      functab      00000
intlevel3                                      functab      00000
intlevel4                                      functab      00000
intlevel5                                      functab      00000
pad@buf                                        cstackBANK0  00024
pad@fp                                         cstackBANK0  0002C
pad@i                                          cstackBANK0  00028
pad@p                                          cstackBANK0  00025
pad@w                                          cstackBANK0  0002A
printf@ap                                      cstackBANK0  0006D
printf@fmt                                     cstackBANK0  00066
putch@txData                                   cstackCOMMON 00071
reset_vec                                      reset_vec    00000
start                                          init         00002
start_initialization                           cinit        007F5
strlen@a                                       cstackCOMMON 00073
strlen@s                                       cstackCOMMON 00074
vfpfcnvrt@ap                                   cstackBANK0  0004F
vfpfcnvrt@fmt                                  cstackBANK0  0004E
vfpfcnvrt@fp                                   cstackBANK0  0005D
vfpfcnvrt@ll                                   cstackBANK0  00055
vfprintf@ap                                    cstackBANK0  00060
vfprintf@cfmt                                  cstackBANK0  00064
vfprintf@fmt                                   cstackBANK0  0005E
vfprintf@fp                                    cstackBANK0  00063
wtemp0                                         (abs)        0007E


FUNCTION INFORMATION:

 *************** function _main *****************
 Defined at:
		line 15 in file "main.c"
 Parameters:    Size  Location     Type
		None
 Auto vars:     Size  Location     Type
		None
 Return value:  Size  Location     Type
                  1    wreg      void 
 Registers used:
		wreg, fsr0l, fsr0h, fsr1l, fsr1h, status,2, status,0, pclath, cstack
 Tracked objects:
		On entry : 
		On exit  : 
		Unchanged: 
 Data sizes:     COMMON   BANK0   BANK1   BANK2   BANK3   BANK4   BANK5   BANK6
      Params:         0       0       0       0       0       0       0       0
      Locals:         0       0       0       0       0       0       0       0
      Temps:          0       2       0       0       0       0       0       0
      Totals:         0       2       0       0       0       0       0       0
Total ram usage:        2 bytes
 Hardware stack levels required when called:    9
 This function calls:
		_I2C_Initialize
		_SYSTEM_Initialize
		_TC74_Initialize
		_TC74_Temperature
		_printf
 This function is called by:
		Startup code after reset
 This function uses a non-reentrant model


 *************** function _printf *****************
 Defined at:
		line 5 in file "C:\Program Files (x86)\Microchip\xc8\v2.10\pic\sources\c99\common\printf.c"
 Parameters:    Size  Location     Type
  fmt             2   70[BANK0 ] PTR const unsigned char 
		 -> STR_1(17), 
 Auto vars:     Size  Location     Type
  ret             2    0        int 
  ap              1   77[BANK0 ] PTR void [1]
		 -> ?_printf(2), 
 Return value:  Size  Location     Type
                  2   70[BANK0 ] int 
 Registers used:
		wreg, fsr0l, fsr0h, fsr1l, fsr1h, status,2, status,0, pclath, cstack
 Tracked objects:
		On entry : 
		On exit  : 
		Unchanged: 
 Data sizes:     COMMON   BANK0   BANK1   BANK2   BANK3   BANK4   BANK5   BANK6
      Params:         0       4       0       0       0       0       0       0
      Locals:         0       3       0       0       0       0       0       0
      Temps:          0       1       0       0       0       0       0       0
      Totals:         0       8       0       0       0       0       0       0
Total ram usage:        8 bytes
 Hardware stack levels used:    1
 Hardware stack levels required when called:    8
 This function calls:
		_vfprintf
 This function is called by:
		_main
 This function uses a non-reentrant model


 *************** function _vfprintf *****************
 Defined at:
		line 1368 in file "C:\Program Files (x86)\Microchip\xc8\v2.10\pic\sources\c99\common\doprnt.c"
 Parameters:    Size  Location     Type
  fp              1    wreg     PTR struct _IO_FILE
		 -> NULL(0), 
  fmt             2   62[BANK0 ] PTR const unsigned char 
		 -> STR_1(17), 
  ap              1   64[BANK0 ] PTR PTR void 
		 -> printf@ap(1), 
 Auto vars:     Size  Location     Type
  fp              1   67[BANK0 ] PTR struct _IO_FILE
		 -> NULL(0), 
  cfmt            2   68[BANK0 ] PTR unsigned char 
		 -> STR_1(17), 
 Return value:  Size  Location     Type
                  2   62[BANK0 ] int 
 Registers used:
		wreg, fsr0l, fsr0h, fsr1l, fsr1h, status,2, status,0, pclath, cstack
 Tracked objects:
		On entry : 
		On exit  : 
		Unchanged: 
 Data sizes:     COMMON   BANK0   BANK1   BANK2   BANK3   BANK4   BANK5   BANK6
      Params:         0       3       0       0       0       0       0       0
      Locals:         0       3       0       0       0       0       0       0
      Temps:          0       2       0       0       0       0       0       0
      Totals:         0       8       0       0       0       0       0       0
Total ram usage:        8 bytes
 Hardware stack levels used:    1
 Hardware stack levels required when called:    7
 This function calls:
		_vfpfcnvrt
 This function is called by:
		_printf
 This function uses a non-reentrant model


 *************** function _vfpfcnvrt *****************
 Defined at:
		line 670 in file "C:\Program Files (x86)\Microchip\xc8\v2.10\pic\sources\c99\common\doprnt.c"
 Parameters:    Size  Location     Type
  fp              1    wreg     PTR struct _IO_FILE
		 -> NULL(0), 
  fmt             1   46[BANK0 ] PTR PTR unsigned char 
		 -> vfprintf@cfmt(2), 
  ap              1   47[BANK0 ] PTR PTR void 
		 -> printf@ap(1), 
 Auto vars:     Size  Location     Type
  fp              1   61[BANK0 ] PTR struct _IO_FILE
		 -> NULL(0), 
  ll              8   53[BANK0 ] long long 
  llu             8    0        unsigned long long 
  f               4    0        unsigned long long 
  ct              3    0        unsigned char [3]
  vp              2    0        PTR void 
  i               2    0        int 
  done            2    0        int 
  cp              2    0        PTR unsigned char 
  c               1    0        unsigned char 
 Return value:  Size  Location     Type
                  2   46[BANK0 ] int 
 Registers used:
		wreg, fsr0l, fsr0h, fsr1l, fsr1h, status,2, status,0, pclath, cstack
 Tracked objects:
		On entry : 
		On exit  : 
		Unchanged: 
 Data sizes:     COMMON   BANK0   BANK1   BANK2   BANK3   BANK4   BANK5   BANK6
      Params:         0       2       0       0       0       0       0       0
      Locals:         0       9       0       0       0       0       0       0
      Temps:          0       5       0       0       0       0       0       0
      Totals:         0      16       0       0       0       0       0       0
Total ram usage:       16 bytes
 Hardware stack levels used:    1
 Hardware stack levels required when called:    6
 This function calls:
		_dtoa
		_fputc
 This function is called by:
		_vfprintf
 This function uses a non-reentrant model


 *************** function _dtoa *****************
 Defined at:
		line 274 in file "C:\Program Files (x86)\Microchip\xc8\v2.10\pic\sources\c99\common\doprnt.c"
 Parameters:    Size  Location     Type
  fp              1    wreg     PTR struct _IO_FILE
		 -> NULL(0), 
  d               8   16[BANK0 ] long long 
 Auto vars:     Size  Location     Type
  fp              1   31[BANK0 ] PTR struct _IO_FILE
		 -> NULL(0), 
  n               8   36[BANK0 ] long long 
  i               2   44[BANK0 ] int 
  s               2   34[BANK0 ] int 
  w               2   32[BANK0 ] int 
  p               2   29[BANK0 ] int 
 Return value:  Size  Location     Type
                  2   16[BANK0 ] int 
 Registers used:
		wreg, fsr1l, fsr1h, status,2, status,0, pclath, cstack
 Tracked objects:
		On entry : 
		On exit  : 
		Unchanged: 
 Data sizes:     COMMON   BANK0   BANK1   BANK2   BANK3   BANK4   BANK5   BANK6
      Params:         0       8       0       0       0       0       0       0
      Locals:         0      19       0       0       0       0       0       0
      Temps:          0       3       0       0       0       0       0       0
      Totals:         0      30       0       0       0       0       0       0
Total ram usage:       30 bytes
 Hardware stack levels used:    1
 Hardware stack levels required when called:    5
 This function calls:
		___aodiv
		___aomod
		_abs
		_pad
 This function is called by:
		_vfpfcnvrt
 This function uses a non-reentrant model


 *************** function _pad *****************
 Defined at:
		line 72 in file "C:\Program Files (x86)\Microchip\xc8\v2.10\pic\sources\c99\common\doprnt.c"
 Parameters:    Size  Location     Type
  fp              1    wreg     PTR struct _IO_FILE
		 -> NULL(0), 
  buf             1    4[BANK0 ] PTR unsigned char 
		 -> dbuf(32), 
  p               2    5[BANK0 ] int 
 Auto vars:     Size  Location     Type
  fp              1   12[BANK0 ] PTR struct _IO_FILE
		 -> NULL(0), 
  w               2   10[BANK0 ] int 
  i               2    8[BANK0 ] int 
 Return value:  Size  Location     Type
                  2    4[BANK0 ] int 
 Registers used:
		wreg, fsr1l, fsr1h, status,2, status,0, pclath, cstack
 Tracked objects:
		On entry : 
		On exit  : 
		Unchanged: 
 Data sizes:     COMMON   BANK0   BANK1   BANK2   BANK3   BANK4   BANK5   BANK6
      Params:         0       3       0       0       0       0       0       0
      Locals:         0       5       0       0       0       0       0       0
      Temps:          0       1       0       0       0       0       0       0
      Totals:         0       9       0       0       0       0       0       0
Total ram usage:        9 bytes
 Hardware stack levels used:    1
 Hardware stack levels required when called:    4
 This function calls:
		_fputc
		_fputs
		_strlen
 This function is called by:
		_dtoa
 This function uses a non-reentrant model


 *************** function _strlen *****************
 Defined at:
		line 5 in file "C:\Program Files (x86)\Microchip\xc8\v2.10\pic\sources\c99\common\strlen.c"
 Parameters:    Size  Location     Type
  s               1    wreg     PTR const unsigned char 
		 -> dbuf(32), 
 Auto vars:     Size  Location     Type
  s               1    4[COMMON] PTR const unsigned char 
		 -> dbuf(32), 
  a               1    3[COMMON] PTR const unsigned char 
		 -> dbuf(32), 
 Return value:  Size  Location     Type
                  2    0[COMMON] unsigned int 
 Registers used:
		wreg, fsr1l, fsr1h, status,2, status,0
 Tracked objects:
		On entry : 
		On exit  : 
		Unchanged: 
 Data sizes:     COMMON   BANK0   BANK1   BANK2   BANK3   BANK4   BANK5   BANK6
      Params:         2       0       0       0       0       0       0       0
      Locals:         2       0       0       0       0       0       0       0
      Temps:          1       0       0       0       0       0       0       0
      Totals:         5       0       0       0       0       0       0       0
Total ram usage:        5 bytes
 Hardware stack levels used:    1
 This function calls:
		Nothing
 This function is called by:
		_pad
 This function uses a non-reentrant model


 *************** function _fputs *****************
 Defined at:
		line 8 in file "C:\Program Files (x86)\Microchip\xc8\v2.10\pic\sources\c99\common\nf_fputs.c"
 Parameters:    Size  Location     Type
  s               1    wreg     PTR const unsigned char 
		 -> dbuf(32), 
  fp              1   10[COMMON] PTR struct _IO_FILE
		 -> NULL(0), 
 Auto vars:     Size  Location     Type
  s               1    3[BANK0 ] PTR const unsigned char 
		 -> dbuf(32), 
  i               2    1[BANK0 ] int 
  c               1    0[BANK0 ] unsigned char 
 Return value:  Size  Location     Type
                  2   10[COMMON] int 
 Registers used:
		wreg, fsr1l, fsr1h, status,2, status,0, pclath, cstack
 Tracked objects:
		On entry : 
		On exit  : 
		Unchanged: 
 Data sizes:     COMMON   BANK0   BANK1   BANK2   BANK3   BANK4   BANK5   BANK6
      Params:         1       0       0       0       0       0       0       0
      Locals:         0       4       0       0       0       0       0       0
      Temps:          3       0       0       0       0       0       0       0
      Totals:         4       4       0       0       0       0       0       0
Total ram usage:        8 bytes
 Hardware stack levels used:    1
 Hardware stack levels required when called:    3
 This function calls:
		_fputc
 This function is called by:
		_pad
 This function uses a non-reentrant model


 *************** function _fputc *****************
 Defined at:
		line 8 in file "C:\Program Files (x86)\Microchip\xc8\v2.10\pic\sources\c99\common\nf_fputc.c"
 Parameters:    Size  Location     Type
  c               2    2[COMMON] int 
  fp              1    4[COMMON] PTR struct _IO_FILE
		 -> NULL(0), 
 Auto vars:     Size  Location     Type
		None
 Return value:  Size  Location     Type
                  2    2[COMMON] int 
 Registers used:
		wreg, fsr1l, fsr1h, status,2, status,0, pclath, cstack
 Tracked objects:
		On entry : 
		On exit  : 
		Unchanged: 
 Data sizes:     COMMON   BANK0   BANK1   BANK2   BANK3   BANK4   BANK5   BANK6
      Params:         3       0       0       0       0       0       0       0
      Locals:         0       0       0       0       0       0       0       0
      Temps:          5       0       0       0       0       0       0       0
      Totals:         8       0       0       0       0       0       0       0
Total ram usage:        8 bytes
 Hardware stack levels used:    1
 Hardware stack levels required when called:    2
 This function calls:
		_putch
 This function is called by:
		_pad
		_vfpfcnvrt
		_fputs
 This function uses a non-reentrant model


 *************** function _putch *****************
 Defined at:
		line 146 in file "mcc_generated_files/eusart.c"
 Parameters:    Size  Location     Type
  txData          1    wreg     unsigned char 
 Auto vars:     Size  Location     Type
  txData          1    1[COMMON] unsigned char 
 Return value:  Size  Location     Type
                  1    wreg      void 
 Registers used:
		wreg, status,2, status,0, pclath, cstack
 Tracked objects:
		On entry : 
		On exit  : 
		Unchanged: 
 Data sizes:     COMMON   BANK0   BANK1   BANK2   BANK3   BANK4   BANK5   BANK6
      Params:         0       0       0       0       0       0       0       0
      Locals:         1       0       0       0       0       0       0       0
      Temps:          0       0       0       0       0       0       0       0
      Totals:         1       0       0       0       0       0       0       0
Total ram usage:        1 bytes
 Hardware stack levels used:    1
 Hardware stack levels required when called:    1
 This function calls:
		_EUSART_Write
 This function is called by:
		_fputc
 This function uses a non-reentrant model


 *************** function _EUSART_Write *****************
 Defined at:
		line 132 in file "mcc_generated_files/eusart.c"
 Parameters:    Size  Location     Type
  txData          1    wreg     unsigned char 
 Auto vars:     Size  Location     Type
  txData          1    0[COMMON] unsigned char 
 Return value:  Size  Location     Type
                  1    wreg      void 
 Registers used:
		wreg
 Tracked objects:
		On entry : 
		On exit  : 
		Unchanged: 
 Data sizes:     COMMON   BANK0   BANK1   BANK2   BANK3   BANK4   BANK5   BANK6
      Params:         0       0       0       0       0       0       0       0
      Locals:         1       0       0       0       0       0       0       0
      Temps:          0       0       0       0       0       0       0       0
      Totals:         1       0       0       0       0       0       0       0
Total ram usage:        1 bytes
 Hardware stack levels used:    1
 This function calls:
		Nothing
 This function is called by:
		_putch
 This function uses a non-reentrant model


 *************** function _abs *****************
 Defined at:
		line 1 in file "C:\Program Files (x86)\Microchip\xc8\v2.10\pic\sources\c99\common\abs.c"
 Parameters:    Size  Location     Type
  a               2    3[COMMON] int 
 Auto vars:     Size  Location     Type
		None
 Return value:  Size  Location     Type
                  2    3[COMMON] int 
 Registers used:
		wreg, status,2, status,0
 Tracked objects:
		On entry : 
		On exit  : 
		Unchanged: 
 Data sizes:     COMMON   BANK0   BANK1   BANK2   BANK3   BANK4   BANK5   BANK6
      Params:         2       0       0       0       0       0       0       0
      Locals:         0       0       0       0       0       0       0       0
      Temps:          2       0       0       0       0       0       0       0
      Totals:         4       0       0       0       0       0       0       0
Total ram usage:        4 bytes
 Hardware stack levels used:    1
 This function calls:
		Nothing
 This function is called by:
		_dtoa
 This function uses a non-reentrant model


 *************** function ___aomod *****************
 Defined at:
		line 7 in file "C:\Program Files (x86)\Microchip\xc8\v2.10\pic\sources\c99\common\aomod.c"
 Parameters:    Size  Location     Type
  divisor         8    0[BANK0 ] long long 
  dividend        8    8[BANK0 ] long long 
 Auto vars:     Size  Location     Type
  sign            1    2[COMMON] unsigned char 
  counter         1    1[COMMON] unsigned char 
 Return value:  Size  Location     Type
                  8    0[BANK0 ] long long 
 Registers used:
		wreg, fsr1l, fsr1h, status,2, status,0
 Tracked objects:
		On entry : 
		On exit  : 
		Unchanged: 
 Data sizes:     COMMON   BANK0   BANK1   BANK2   BANK3   BANK4   BANK5   BANK6
      Params:         0      16       0       0       0       0       0       0
      Locals:         2       0       0       0       0       0       0       0
      Temps:          1       0       0       0       0       0       0       0
      Totals:         3      16       0       0       0       0       0       0
Total ram usage:       19 bytes
 Hardware stack levels used:    1
 This function calls:
		Nothing
 This function is called by:
		_dtoa
 This function uses a non-reentrant model


 *************** function ___aodiv *****************
 Defined at:
		line 7 in file "C:\Program Files (x86)\Microchip\xc8\v2.10\pic\sources\c99\common\aodiv.c"
 Parameters:    Size  Location     Type
  divisor         8    0[BANK0 ] long long 
  dividend        8    8[BANK0 ] long long 
 Auto vars:     Size  Location     Type
  quotient        8    3[COMMON] long long 
  sign            1    2[COMMON] unsigned char 
  counter         1    1[COMMON] unsigned char 
 Return value:  Size  Location     Type
                  8    0[BANK0 ] long long 
 Registers used:
		wreg, fsr1l, fsr1h, status,2, status,0
 Tracked objects:
		On entry : 
		On exit  : 
		Unchanged: 
 Data sizes:     COMMON   BANK0   BANK1   BANK2   BANK3   BANK4   BANK5   BANK6
      Params:         0      16       0       0       0       0       0       0
      Locals:        10       0       0       0       0       0       0       0
      Temps:          1       0       0       0       0       0       0       0
      Totals:        11      16       0       0       0       0       0       0
Total ram usage:       27 bytes
 Hardware stack levels used:    1
 This function calls:
		Nothing
 This function is called by:
		_dtoa
 This function uses a non-reentrant model


 *************** function _TC74_Temperature *****************
 Defined at:
		line 76 in file "TC74.c"
 Parameters:    Size  Location     Type
  Obj             1    wreg     PTR struct .
		 -> TC74Data(5), 
 Auto vars:     Size  Location     Type
  Obj             1    9[BANK0 ] PTR struct .
		 -> TC74Data(5), 
  Digital_Temp    1   10[BANK0 ] unsigned char 
  Temperature     1    8[BANK0 ] char 
 Return value:  Size  Location     Type
                  1    wreg      char 
 Registers used:
		wreg, fsr1l, fsr1h, status,2, status,0, pclath, cstack
 Tracked objects:
		On entry : 
		On exit  : 
		Unchanged: 
 Data sizes:     COMMON   BANK0   BANK1   BANK2   BANK3   BANK4   BANK5   BANK6
      Params:         0       0       0       0       0       0       0       0
      Locals:         0       3       0       0       0       0       0       0
      Temps:          0       1       0       0       0       0       0       0
      Totals:         0       4       0       0       0       0       0       0
Total ram usage:        4 bytes
 Hardware stack levels used:    1
 Hardware stack levels required when called:    6
 This function calls:
		_TC74_Read
		_TC74_Ready
 This function is called by:
		_main
 This function uses a non-reentrant model


 *************** function _TC74_Ready *****************
 Defined at:
		line 68 in file "TC74.c"
 Parameters:    Size  Location     Type
  Obj             1    wreg     PTR struct .
		 -> TC74Data(5), 
 Auto vars:     Size  Location     Type
  Obj             1    5[BANK0 ] PTR struct .
		 -> TC74Data(5), 
  Ready           1    6[BANK0 ] unsigned char 
 Return value:  Size  Location     Type
                  1    wreg      unsigned char 
 Registers used:
		wreg, fsr1l, fsr1h, status,2, status,0, pclath, cstack
 Tracked objects:
		On entry : 
		On exit  : 
		Unchanged: 
 Data sizes:     COMMON   BANK0   BANK1   BANK2   BANK3   BANK4   BANK5   BANK6
      Params:         0       0       0       0       0       0       0       0
      Locals:         0       2       0       0       0       0       0       0
      Temps:          1       0       0       0       0       0       0       0
      Totals:         1       2       0       0       0       0       0       0
Total ram usage:        3 bytes
 Hardware stack levels used:    1
 Hardware stack levels required when called:    5
 This function calls:
		_TC74_Read
 This function is called by:
		_TC74_Temperature
 This function uses a non-reentrant model


 *************** function _TC74_Read *****************
 Defined at:
		line 50 in file "TC74.c"
 Parameters:    Size  Location     Type
  Obj             1    wreg     PTR struct .
		 -> TC74Data(5), 
  TC74_Registe    1   11[COMMON] unsigned char 
  amount          1   12[COMMON] unsigned char 
 Auto vars:     Size  Location     Type
  Obj             1    4[BANK0 ] PTR struct .
		 -> TC74Data(5), 
  buffer          2    2[BANK0 ] unsigned char [2]
 Return value:  Size  Location     Type
                  1    wreg      unsigned char 
 Registers used:
		wreg, fsr1l, fsr1h, status,2, status,0, pclath, cstack
 Tracked objects:
		On entry : 
		On exit  : 
		Unchanged: 
 Data sizes:     COMMON   BANK0   BANK1   BANK2   BANK3   BANK4   BANK5   BANK6
      Params:         2       0       0       0       0       0       0       0
      Locals:         0       3       0       0       0       0       0       0
      Temps:          0       2       0       0       0       0       0       0
      Totals:         2       5       0       0       0       0       0       0
Total ram usage:        7 bytes
 Hardware stack levels used:    1
 Hardware stack levels required when called:    4
 This function calls:
		_Wrappers_I2CMaster_Read
 This function is called by:
		_TC74_Ready
		_TC74_Temperature
		_TC74_Standby
 This function uses a non-reentrant model


 *************** function _Wrappers_I2CMaster_Read *****************
 Defined at:
		line 108 in file "i2c.c"
 Parameters:    Size  Location     Type
  Address7b       1    6[COMMON] unsigned char 
  Register        1    7[COMMON] PTR void 
		 -> TC74_Read@buffer(2), 
  amount          1    8[COMMON] unsigned char 
 Auto vars:     Size  Location     Type
  DatatoSend      1   10[COMMON] PTR unsigned char 
		 -> TC74_Read@buffer(2), 
 Return value:  Size  Location     Type
                  1    wreg      void 
 Registers used:
		wreg, fsr1l, fsr1h, status,2, status,0, pclath, cstack
 Tracked objects:
		On entry : 
		On exit  : 
		Unchanged: 
 Data sizes:     COMMON   BANK0   BANK1   BANK2   BANK3   BANK4   BANK5   BANK6
      Params:         3       0       0       0       0       0       0       0
      Locals:         1       0       0       0       0       0       0       0
      Temps:          1       0       0       0       0       0       0       0
      Totals:         5       0       0       0       0       0       0       0
Total ram usage:        5 bytes
 Hardware stack levels used:    1
 Hardware stack levels required when called:    3
 This function calls:
		_I2C_RStart
		_I2C_Read
		_I2C_Start
		_I2C_Stop
		_I2C_Write
 This function is called by:
		_main
		_TC74_Read
 This function uses a non-reentrant model


 *************** function _I2C_Write *****************
 Defined at:
		line 77 in file "i2c.c"
 Parameters:    Size  Location     Type
  data            1    wreg     unsigned char 
 Auto vars:     Size  Location     Type
  data            1    0[COMMON] unsigned char 
 Return value:  Size  Location     Type
                  2  236[None  ] int 
 Registers used:
		wreg, status,2, status,0, pclath, cstack
 Tracked objects:
		On entry : 
		On exit  : 
		Unchanged: 
 Data sizes:     COMMON   BANK0   BANK1   BANK2   BANK3   BANK4   BANK5   BANK6
      Params:         0       0       0       0       0       0       0       0
      Locals:         1       0       0       0       0       0       0       0
      Temps:          0       0       0       0       0       0       0       0
      Totals:         1       0       0       0       0       0       0       0
Total ram usage:        1 bytes
 Hardware stack levels used:    1
 Hardware stack levels required when called:    1
 This function calls:
		_I2C_Wait1
 This function is called by:
		_Wrappers_I2CMaster_Write
		_Wrappers_I2CMaster_Read
 This function uses a non-reentrant model


 *************** function _I2C_Stop *****************
 Defined at:
		line 63 in file "i2c.c"
 Parameters:    Size  Location     Type
		None
 Auto vars:     Size  Location     Type
		None
 Return value:  Size  Location     Type
                  1    wreg      void 
 Registers used:
		wreg, status,2, status,0, pclath, cstack
 Tracked objects:
		On entry : 
		On exit  : 
		Unchanged: 
 Data sizes:     COMMON   BANK0   BANK1   BANK2   BANK3   BANK4   BANK5   BANK6
      Params:         0       0       0       0       0       0       0       0
      Locals:         0       0       0       0       0       0       0       0
      Temps:          0       0       0       0       0       0       0       0
      Totals:         0       0       0       0       0       0       0       0
Total ram usage:        0 bytes
 Hardware stack levels used:    1
 Hardware stack levels required when called:    1
 This function calls:
		_I2C_Wait1
 This function is called by:
		_Wrappers_I2CMaster_Write
		_Wrappers_I2CMaster_Read
 This function uses a non-reentrant model


 *************** function _I2C_Start *****************
 Defined at:
		line 52 in file "i2c.c"
 Parameters:    Size  Location     Type
		None
 Auto vars:     Size  Location     Type
		None
 Return value:  Size  Location     Type
                  1    wreg      void 
 Registers used:
		wreg, status,2, status,0, pclath, cstack
 Tracked objects:
		On entry : 
		On exit  : 
		Unchanged: 
 Data sizes:     COMMON   BANK0   BANK1   BANK2   BANK3   BANK4   BANK5   BANK6
      Params:         0       0       0       0       0       0       0       0
      Locals:         0       0       0       0       0       0       0       0
      Temps:          0       0       0       0       0       0       0       0
      Totals:         0       0       0       0       0       0       0       0
Total ram usage:        0 bytes
 Hardware stack levels used:    1
 Hardware stack levels required when called:    1
 This function calls:
		_I2C_Wait1
 This function is called by:
		_Wrappers_I2CMaster_Write
		_Wrappers_I2CMaster_Read
 This function uses a non-reentrant model


 *************** function _I2C_Read *****************
 Defined at:
		line 85 in file "i2c.c"
 Parameters:    Size  Location     Type
  ack             2    0[COMMON] int 
 Auto vars:     Size  Location     Type
  tempbuf         2    4[COMMON] int 
 Return value:  Size  Location     Type
                  1    wreg      unsigned char 
 Registers used:
		wreg, status,2, status,0, pclath, cstack
 Tracked objects:
		On entry : 
		On exit  : 
		Unchanged: 
 Data sizes:     COMMON   BANK0   BANK1   BANK2   BANK3   BANK4   BANK5   BANK6
      Params:         2       0       0       0       0       0       0       0
      Locals:         2       0       0       0       0       0       0       0
      Temps:          2       0       0       0       0       0       0       0
      Totals:         6       0       0       0       0       0       0       0
Total ram usage:        6 bytes
 Hardware stack levels used:    1
 Hardware stack levels required when called:    2
 This function calls:
		_I2C_Send_ACK
		_I2C_Wait1
 This function is called by:
		_Wrappers_I2CMaster_Read
 This function uses a non-reentrant model


 *************** function _I2C_Send_ACK *****************
 Defined at:
		line 69 in file "i2c.c"
 Parameters:    Size  Location     Type
		None
 Auto vars:     Size  Location     Type
		None
 Return value:  Size  Location     Type
                  1    wreg      void 
 Registers used:
		wreg, status,2, status,0, pclath, cstack
 Tracked objects:
		On entry : 
		On exit  : 
		Unchanged: 
 Data sizes:     COMMON   BANK0   BANK1   BANK2   BANK3   BANK4   BANK5   BANK6
      Params:         0       0       0       0       0       0       0       0
      Locals:         0       0       0       0       0       0       0       0
      Temps:          0       0       0       0       0       0       0       0
      Totals:         0       0       0       0       0       0       0       0
Total ram usage:        0 bytes
 Hardware stack levels used:    1
 Hardware stack levels required when called:    1
 This function calls:
		_I2C_Wait1
 This function is called by:
		_I2C_Read
 This function uses a non-reentrant model


 *************** function _I2C_RStart *****************
 Defined at:
		line 57 in file "i2c.c"
 Parameters:    Size  Location     Type
		None
 Auto vars:     Size  Location     Type
		None
 Return value:  Size  Location     Type
                  1    wreg      void 
 Registers used:
		wreg, status,2, status,0, pclath, cstack
 Tracked objects:
		On entry : 
		On exit  : 
		Unchanged: 
 Data sizes:     COMMON   BANK0   BANK1   BANK2   BANK3   BANK4   BANK5   BANK6
      Params:         0       0       0       0       0       0       0       0
      Locals:         0       0       0       0       0       0       0       0
      Temps:          0       0       0       0       0       0       0       0
      Totals:         0       0       0       0       0       0       0       0
Total ram usage:        0 bytes
 Hardware stack levels used:    1
 Hardware stack levels required when called:    1
 This function calls:
		_I2C_Wait1
 This function is called by:
		_Wrappers_I2CMaster_Read
 This function uses a non-reentrant model


 *************** function _I2C_Wait1 *****************
 Defined at:
		line 42 in file "i2c.c"
 Parameters:    Size  Location     Type
		None
 Auto vars:     Size  Location     Type
		None
 Return value:  Size  Location     Type
                  1    wreg      void 
 Registers used:
		wreg, status,2
 Tracked objects:
		On entry : 
		On exit  : 
		Unchanged: 
 Data sizes:     COMMON   BANK0   BANK1   BANK2   BANK3   BANK4   BANK5   BANK6
      Params:         0       0       0       0       0       0       0       0
      Locals:         0       0       0       0       0       0       0       0
      Temps:          0       0       0       0       0       0       0       0
      Totals:         0       0       0       0       0       0       0       0
Total ram usage:        0 bytes
 Hardware stack levels used:    1
 This function calls:
		Nothing
 This function is called by:
		_I2C_Start
		_I2C_RStart
		_I2C_Stop
		_I2C_Send_ACK
		_I2C_Write
		_I2C_Read
 This function uses a non-reentrant model


 *************** function _TC74_Initialize *****************
 Defined at:
		line 28 in file "TC74.c"
 Parameters:    Size  Location     Type
  Obj             1    wreg     PTR struct .
		 -> TC74Data(5), 
  AddrSlave       1    0[COMMON] enum E34
  write_fcn       2    1[COMMON] PTR FTN(unsigned char ,P
		 -> Wrappers_I2CMaster_Write(1), 
  read_fcn        2    3[COMMON] PTR FTN(unsigned char ,P
		 -> Wrappers_I2CMaster_Read(1), 
 Auto vars:     Size  Location     Type
  Obj             1    6[COMMON] PTR struct .
		 -> TC74Data(5), 
 Return value:  Size  Location     Type
                  1    wreg      void 
 Registers used:
		wreg, fsr1l, fsr1h, status,2, status,0
 Tracked objects:
		On entry : 
		On exit  : 
		Unchanged: 
 Data sizes:     COMMON   BANK0   BANK1   BANK2   BANK3   BANK4   BANK5   BANK6
      Params:         5       0       0       0       0       0       0       0
      Locals:         1       0       0       0       0       0       0       0
      Temps:          1       0       0       0       0       0       0       0
      Totals:         7       0       0       0       0       0       0       0
Total ram usage:        7 bytes
 Hardware stack levels used:    1
 This function calls:
		Nothing
 This function is called by:
		_main
 This function uses a non-reentrant model


 *************** function _SYSTEM_Initialize *****************
 Defined at:
		line 50 in file "mcc_generated_files/mcc.c"
 Parameters:    Size  Location     Type
		None
 Auto vars:     Size  Location     Type
		None
 Return value:  Size  Location     Type
                  1    wreg      void 
 Registers used:
		wreg, status,2, status,0, pclath, cstack
 Tracked objects:
		On entry : 
		On exit  : 
		Unchanged: 
 Data sizes:     COMMON   BANK0   BANK1   BANK2   BANK3   BANK4   BANK5   BANK6
      Params:         0       0       0       0       0       0       0       0
      Locals:         0       0       0       0       0       0       0       0
      Temps:          0       0       0       0       0       0       0       0
      Totals:         0       0       0       0       0       0       0       0
Total ram usage:        0 bytes
 Hardware stack levels used:    1
 Hardware stack levels required when called:    2
 This function calls:
		_EUSART_Initialize
		_OSCILLATOR_Initialize
		_PIN_MANAGER_Initialize
		_WDT_Initialize
 This function is called by:
		_main
 This function uses a non-reentrant model


 *************** function _WDT_Initialize *****************
 Defined at:
		line 69 in file "mcc_generated_files/mcc.c"
 Parameters:    Size  Location     Type
		None
 Auto vars:     Size  Location     Type
		None
 Return value:  Size  Location     Type
                  1    wreg      void 
 Registers used:
		wreg
 Tracked objects:
		On entry : 
		On exit  : 
		Unchanged: 
 Data sizes:     COMMON   BANK0   BANK1   BANK2   BANK3   BANK4   BANK5   BANK6
      Params:         0       0       0       0       0       0       0       0
      Locals:         0       0       0       0       0       0       0       0
      Temps:          0       0       0       0       0       0       0       0
      Totals:         0       0       0       0       0       0       0       0
Total ram usage:        0 bytes
 Hardware stack levels used:    1
 This function calls:
		Nothing
 This function is called by:
		_SYSTEM_Initialize
 This function uses a non-reentrant model


 *************** function _PIN_MANAGER_Initialize *****************
 Defined at:
		line 55 in file "mcc_generated_files/pin_manager.c"
 Parameters:    Size  Location     Type
		None
 Auto vars:     Size  Location     Type
		None
 Return value:  Size  Location     Type
                  1    wreg      void 
 Registers used:
		wreg, status,2
 Tracked objects:
		On entry : 
		On exit  : 
		Unchanged: 
 Data sizes:     COMMON   BANK0   BANK1   BANK2   BANK3   BANK4   BANK5   BANK6
      Params:         0       0       0       0       0       0       0       0
      Locals:         0       0       0       0       0       0       0       0
      Temps:          0       0       0       0       0       0       0       0
      Totals:         0       0       0       0       0       0       0       0
Total ram usage:        0 bytes
 Hardware stack levels used:    1
 This function calls:
		Nothing
 This function is called by:
		_SYSTEM_Initialize
 This function uses a non-reentrant model


 *************** function _OSCILLATOR_Initialize *****************
 Defined at:
		line 59 in file "mcc_generated_files/mcc.c"
 Parameters:    Size  Location     Type
		None
 Auto vars:     Size  Location     Type
		None
 Return value:  Size  Location     Type
                  1    wreg      void 
 Registers used:
		wreg, status,2
 Tracked objects:
		On entry : 
		On exit  : 
		Unchanged: 
 Data sizes:     COMMON   BANK0   BANK1   BANK2   BANK3   BANK4   BANK5   BANK6
      Params:         0       0       0       0       0       0       0       0
      Locals:         0       0       0       0       0       0       0       0
      Temps:          0       0       0       0       0       0       0       0
      Totals:         0       0       0       0       0       0       0       0
Total ram usage:        0 bytes
 Hardware stack levels used:    1
 This function calls:
		Nothing
 This function is called by:
		_SYSTEM_Initialize
 This function uses a non-reentrant model


 *************** function _EUSART_Initialize *****************
 Defined at:
		line 66 in file "mcc_generated_files/eusart.c"
 Parameters:    Size  Location     Type
		None
 Auto vars:     Size  Location     Type
		None
 Return value:  Size  Location     Type
                  1    wreg      void 
 Registers used:
		wreg, status,2, status,0, pclath, cstack
 Tracked objects:
		On entry : 
		On exit  : 
		Unchanged: 
 Data sizes:     COMMON   BANK0   BANK1   BANK2   BANK3   BANK4   BANK5   BANK6
      Params:         0       0       0       0       0       0       0       0
      Locals:         0       0       0       0       0       0       0       0
      Temps:          0       0       0       0       0       0       0       0
      Totals:         0       0       0       0       0       0       0       0
Total ram usage:        0 bytes
 Hardware stack levels used:    1
 Hardware stack levels required when called:    1
 This function calls:
		_EUSART_SetErrorHandler
		_EUSART_SetFramingErrorHandler
		_EUSART_SetOverrunErrorHandler
 This function is called by:
		_SYSTEM_Initialize
 This function uses a non-reentrant model


 *************** function _EUSART_SetOverrunErrorHandler *****************
 Defined at:
		line 170 in file "mcc_generated_files/eusart.c"
 Parameters:    Size  Location     Type
  interruptHan    2    0[COMMON] PTR FTN()void 
		 -> EUSART_DefaultOverrunErrorHandler(1), 
 Auto vars:     Size  Location     Type
		None
 Return value:  Size  Location     Type
                  1    wreg      void 
 Registers used:
		wreg
 Tracked objects:
		On entry : 
		On exit  : 
		Unchanged: 
 Data sizes:     COMMON   BANK0   BANK1   BANK2   BANK3   BANK4   BANK5   BANK6
      Params:         2       0       0       0       0       0       0       0
      Locals:         0       0       0       0       0       0       0       0
      Temps:          0       0       0       0       0       0       0       0
      Totals:         2       0       0       0       0       0       0       0
Total ram usage:        2 bytes
 Hardware stack levels used:    1
 This function calls:
		Nothing
 This function is called by:
		_EUSART_Initialize
 This function uses a non-reentrant model


 *************** function _EUSART_SetFramingErrorHandler *****************
 Defined at:
		line 166 in file "mcc_generated_files/eusart.c"
 Parameters:    Size  Location     Type
  interruptHan    2    0[COMMON] PTR FTN()void 
		 -> EUSART_DefaultFramingErrorHandler(1), 
 Auto vars:     Size  Location     Type
		None
 Return value:  Size  Location     Type
                  1    wreg      void 
 Registers used:
		wreg
 Tracked objects:
		On entry : 
		On exit  : 
		Unchanged: 
 Data sizes:     COMMON   BANK0   BANK1   BANK2   BANK3   BANK4   BANK5   BANK6
      Params:         2       0       0       0       0       0       0       0
      Locals:         0       0       0       0       0       0       0       0
      Temps:          0       0       0       0       0       0       0       0
      Totals:         2       0       0       0       0       0       0       0
Total ram usage:        2 bytes
 Hardware stack levels used:    1
 This function calls:
		Nothing
 This function is called by:
		_EUSART_Initialize
 This function uses a non-reentrant model


 *************** function _EUSART_SetErrorHandler *****************
 Defined at:
		line 174 in file "mcc_generated_files/eusart.c"
 Parameters:    Size  Location     Type
  interruptHan    2    0[COMMON] PTR FTN()void 
		 -> EUSART_DefaultErrorHandler(1), 
 Auto vars:     Size  Location     Type
		None
 Return value:  Size  Location     Type
                  1    wreg      void 
 Registers used:
		wreg
 Tracked objects:
		On entry : 
		On exit  : 
		Unchanged: 
 Data sizes:     COMMON   BANK0   BANK1   BANK2   BANK3   BANK4   BANK5   BANK6
      Params:         2       0       0       0       0       0       0       0
      Locals:         0       0       0       0       0       0       0       0
      Temps:          0       0       0       0       0       0       0       0
      Totals:         2       0       0       0       0       0       0       0
Total ram usage:        2 bytes
 Hardware stack levels used:    1
 This function calls:
		Nothing
 This function is called by:
		_EUSART_Initialize
 This function uses a non-reentrant model


 *************** function _I2C_Initialize *****************
 Defined at:
		line 29 in file "i2c.c"
 Parameters:    Size  Location     Type
		None
 Auto vars:     Size  Location     Type
		None
 Return value:  Size  Location     Type
                  1    wreg      void 
 Registers used:
		wreg, status,2
 Tracked objects:
		On entry : 
		On exit  : 
		Unchanged: 
 Data sizes:     COMMON   BANK0   BANK1   BANK2   BANK3   BANK4   BANK5   BANK6
      Params:         0       0       0       0       0       0       0       0
      Locals:         0       0       0       0       0       0       0       0
      Temps:          0       0       0       0       0       0       0       0
      Totals:         0       0       0       0       0       0       0       0
Total ram usage:        0 bytes
 Hardware stack levels used:    1
 This function calls:
		Nothing
 This function is called by:
		_main
 This function uses a non-reentrant model



MODULE INFORMATION

Module		Function		Class		Link	Load	Size
C:\Program Files (x86)\Microchip\xc8\v2.10\pic\sources\c99\common\aodiv.c
		___aodiv       		CODE           	0586	0000	258

C:\Program Files (x86)\Microchip\xc8\v2.10\pic\sources\c99\common\aodiv.c estimated size: 258

C:\Program Files (x86)\Microchip\xc8\v2.10\pic\sources\c99\common\strlen.c
		_strlen        		CODE           	0180	0000	26

C:\Program Files (x86)\Microchip\xc8\v2.10\pic\sources\c99\common\strlen.c estimated size: 26

i2c.c
		_Wrappers_I2CMaster_Read		CODE           	0269	0000	44
		_I2C_Write     		CODE           	0109	0000	10
		_I2C_RStart    		CODE           	00DE	0000	7
		_I2C_Stop      		CODE           	00F0	0000	7
		_I2C_Wait1     		CODE           	0127	0000	13
		_I2C_Read      		CODE           	01B3	0000	33
		_I2C_Send_ACK  		CODE           	00E4	0000	7
		_I2C_Initialize		CODE           	011C	0000	12
		_I2C_Start     		CODE           	00EA	0000	7

i2c.c estimated size: 140

mcc_generated_files/pin_manager.c
		_PIN_MANAGER_Initialize		CODE           	01D3	0000	35

mcc_generated_files/pin_manager.c estimated size: 35

C:\Program Files (x86)\Microchip\xc8\v2.10\pic\sources\c99\common\doprnt.c
		_vfpfcnvrt     		CODE           	03C1	0000	220
		_pad           		CODE           	0368	0000	90
		_dtoa          		CODE           	0687	0000	367
		_vfprintf      		CODE           	02C1	0000	50

C:\Program Files (x86)\Microchip\xc8\v2.10\pic\sources\c99\common\doprnt.c estimated size: 727

C:\Program Files (x86)\Microchip\xc8\v2.10\pic\sources\c99\common\nf_fputs.c
		_fputs         		CODE           	0218	0000	41

C:\Program Files (x86)\Microchip\xc8\v2.10\pic\sources\c99\common\nf_fputs.c estimated size: 41

TC74.c
		_TC74_Temperature		CODE           	0294	0000	46
		_TC74_Read     		CODE           	0240	0000	42
		_TC74_Ready    		CODE           	0152	0000	22
		_TC74_Initialize		CODE           	0167	0000	26

TC74.c estimated size: 136

shared
		__initialization		CODE           	07F5	0000	9

shared estimated size: 9

mcc_generated_files/mcc.c
		_WDT_Initialize		CODE           	00C8	0000	5
		_OSCILLATOR_Initialize		CODE           	0102	0000	8
		_SYSTEM_Initialize		CODE           	0133	0000	14

mcc_generated_files/mcc.c estimated size: 27

C:\Program Files (x86)\Microchip\xc8\v2.10\pic\sources\c99\common\aomod.c
		___aomod       		CODE           	049C	0000	235

C:\Program Files (x86)\Microchip\xc8\v2.10\pic\sources\c99\common\aomod.c estimated size: 235

C:\Program Files (x86)\Microchip\xc8\v2.10\pic\sources\c99\common\abs.c
		_abs           		CODE           	0199	0000	27

C:\Program Files (x86)\Microchip\xc8\v2.10\pic\sources\c99\common\abs.c estimated size: 27

mcc_generated_files/eusart.c
		_putch         		CODE           	00F6	0000	7
		_EUSART_Write  		CODE           	0112	0000	11
		_EUSART_Initialize		CODE           	01F5	0000	36
		_EUSART_SetFramingErrorHandler		CODE           	00D2	0000	7
		_EUSART_SetErrorHandler		CODE           	00CC	0000	7
		_EUSART_SetOverrunErrorHandler		CODE           	00D8	0000	7

mcc_generated_files/eusart.c estimated size: 75

main.c
		_main          		CODE           	02F2	0000	56

main.c estimated size: 56

C:\Program Files (x86)\Microchip\xc8\v2.10\pic\sources\c99\common\printf.c
		_printf        		CODE           	0140	0000	19

C:\Program Files (x86)\Microchip\xc8\v2.10\pic\sources\c99\common\printf.c estimated size: 19

C:\Program Files (x86)\Microchip\xc8\v2.10\pic\sources\c99\common\nf_fputc.c
		_fputc         		CODE           	0329	0000	64

C:\Program Files (x86)\Microchip\xc8\v2.10\pic\sources\c99\common\nf_fputc.c estimated size: 64

